<html>
<body>
<pre>
<h1>µVision Build Log</h1>
<h2>Tool Versions:</h2>
IDE-Version: ¦ÌVision V5.14.0.0
Copyright (C) 2015 ARM Ltd and ARM Germany GmbH. All rights reserved.
License Information: yang ss, sss, LIC=585FJ-U2PZA-12FLE-5N5R7-BNK0U-94A48
 
Tool Versions:
Toolchain:       MDK-ARM Standard  Version: 5.14.0.0
Toolchain Path:  C:\Keil_v5\ARM\ARMCC\Bin
C Compiler:      Armcc.exe V5.05 update 1 (build 106)
Assembler:       Armasm.exe V5.05 update 1 (build 106)
Linker/Locator:  ArmLink.exe V5.05 update 1 (build 106)
Library Manager: ArmAr.exe V5.05 update 1 (build 106)
Hex Converter:   FromElf.exe V5.05 update 1 (build 106)
CPU DLL:         SARM.DLL V5.14.0.0
Dialog DLL:      DARMP.DLL V1.51
Target DLL:      UL2ARM.DLL V1.74.5.0
Dialog DLL:      TARMP.DLL V1.51
 
<h2>Project:</h2>
C:\Users\lenovo\Desktop\arm7\Project\Keil\INT\INT.Uv2
Project File Date:  07/13/2011

<h2>Output:</h2>
Rebuild target 'Target 1'
assembling Startup.s...
creating preprocessor file for main.C...
compiling main.C...
linking...
Program Size: Code=916 RO-data=16 RW-data=0 ZI-data=1256  
FromELF: creating hex file...
".\INT.axf" - 0 Error(s), 0 Warning(s).
</pre>
</body>
</html>
