<html>
<body>
<pre>
<h1>µVision3 Build Log</h1>
<h2>Project:</h2>
C:\Documents and Settings\Administrator\×ÀÃæ\Keil\ADC\ADC.uv2
Project File Date:  07/12/2011

<h2>Output:</h2>
Build target 'Target 1'
assembling Startup.s...
creating preprocessor file for ADC.C...
ADC.C(150): warning:  #1-D: last line of file ends without a newline
compiling ADC.C...
ADC.C(150): warning:  #1-D: last line of file ends without a newline
linking...
Program Size: Code=3652 RO-data=52 RW-data=0 ZI-data=1256  
FromELF: creating hex file...
"ADC.axf" - 0 Error(s), 1 Warning(s).
Build target 'Target 1'
assembling Startup.s...
creating preprocessor file for ADC.C...
ADC.C(151): warning:  #1-D: last line of file ends without a newline
compiling ADC.C...
ADC.C(151): warning:  #1-D: last line of file ends without a newline
linking...
Program Size: Code=3652 RO-data=52 RW-data=0 ZI-data=1256  
FromELF: creating hex file...
"ADC.axf" - 0 Error(s), 1 Warning(s).
Build target 'Target 1'
assembling Startup.s...
creating preprocessor file for ADC.C...
ADC.C(152): warning:  #1-D: last line of file ends without a newline
compiling ADC.C...
ADC.C(152): warning:  #1-D: last line of file ends without a newline
linking...
Program Size: Code=3652 RO-data=52 RW-data=0 ZI-data=1256  
FromELF: creating hex file...
"ADC.axf" - 0 Error(s), 1 Warning(s).
